[www.democracygps.org/index.html]
[backblue.gif]
[fade.gif]
[index.html]
[www.democracygps.org/cart.html]
[www.democracygps.org/team.html]
[www.democracygps.org/blog.html]
[www.democracygps.org/press.html]
[www.democracygps.org/contact.html]
[guns.democracygps.org/index.94d27c3e.js]
[www.democracygps.org/index-2.html]
[www.democracygps.org/index.html]
[www.democracygps.org/cart.html]
[guns.democracygps.org/crk_linked_in.jpg]
[guns.democracygps.org/ma_bio_pic.jpg]
[guns.democracygps.org/dw_linked_in.jpg]
[www.democracygps.org/team.html]
[www.democracygps.org/blog.html]
[www.democracygps.org/press.html]
[www.democracygps.org/volunteering.html]
[www.democracygps.org/contact.html]
[www.democracygps.org/beta.html]
[www.democracygps.org/suggestions.html]
[www.democracygps.org/privacy-policy.html]
[www.democracygps.org/faqs.html]
[www.democracygps.org/terms-and-conditions.html]
[www.democracygps.org/index-2.html]
[www.democracygps.org/volunteering.html]
[www.democracygps.org/beta.html]
[www.democracygps.org/suggestions.html]
[www.democracygps.org/privacy-policy.html]
[www.democracygps.org/faqs.html]
[www.democracygps.org/terms-and-conditions.html]
[guns.democracygps.org/index.36b4be4f.js]
